[-1455, -3612, 8233, -1635, -11532]
[3922, -1480, 4285, -4154, -5505]
[4190, -5972, 11259, -778, -14638]
[-1054, -5958, 8901, 4606, -12241]
[1759, -3668, -8002, 2889, 2586]
