<class 'AttributeError'>
q
<class 'AttributeError'>

