work worked for 0.11000 seconds
work worked for 0.11200 seconds
