work worked for 0.01200 seconds
work worked for 0.01100 seconds
