4*4=16 4*5=20 4*6=24
5*4=20 5*5=25 5*6=30
6*4=24 6*5=30 6*6=36
