был текст на русском в кодировкеsdasdasdasdsdasdasd?????????
