__init__: ('geg',), {}
__init__: ('kek',), {}
__repr__: (), {}
__add__: (kek,), {}
gegkek
