__init__: ('plus',), {}
__init__: ('minus',), {}
__repr__: (), {}
__add__: (minus,), {}
plusminus
