[17, 60, 27, 27, 78, 88, 42, 63, 33, 72, 22, 12, 4, 84, 3, 86, 36, 90, 90, 76, 17, 47, 3, 59, 22, 96, 35, 13, 99, 40, 40, 59, 11, 81, 26, 89, 9, 88, 80, 80, 10, 70, 30, 29, 82, 8, 31, 68, 45, 85, 8, 76, 79, 37, 85, 51, 97, 43, 82, 48, 32, 68, 86, 45, 17, 35, 77, 96, 55, 88, 59, 79, 72, 84, 91, 95, 63, 7, 28, 44, 64, 89, 11, 75, 8, 5, 56, 72, 92, 99, 1, 8, 52, 69, 51, 22, 8, 20, 20, 81]
