[-82, -46, -40, -24, -13, -12, -12, -6, 16, 16, 50, 50, 67, 78, 90, 92]
