[-97, -96, -93, -87, -85, -83, -78, -74, -73, -73, -68, -61, -50, -50, -30, -30, -27, -22, -14, -8, -8, -7, -7, 0, 6, 7, 10, 15, 20, 30, 31, 33, 40, 41, 44, 48, 48, 49, 58, 60, 62, 62, 64, 68, 77, 87, 92, 92]
